Archive member included to satisfy reference by file (symbol)

/usr/lib/gcc/arm-none-eabi/13.2.1/../../../arm-none-eabi/lib/thumb/v7e-m+fp/hard/libg_nano.a(libc_a-init.o)
                              /usr/lib/gcc/arm-none-eabi/13.2.1/../../../arm-none-eabi/lib/thumb/v7e-m+fp/hard/crt0.o (__libc_init_array)
/usr/lib/gcc/arm-none-eabi/13.2.1/../../../arm-none-eabi/lib/thumb/v7e-m+fp/hard/libg_nano.a(libc_a-memset.o)
                              /usr/lib/gcc/arm-none-eabi/13.2.1/../../../arm-none-eabi/lib/thumb/v7e-m+fp/hard/crt0.o (memset)
/usr/lib/gcc/arm-none-eabi/13.2.1/../../../arm-none-eabi/lib/thumb/v7e-m+fp/hard/libg_nano.a(libc_a-errno.o)
                              CMakeFiles/cube_blinky_v2.dir/Core/Src/sysmem.c.obj (__errno)
/usr/lib/gcc/arm-none-eabi/13.2.1/../../../arm-none-eabi/lib/thumb/v7e-m+fp/hard/libg_nano.a(libc_a-exit.o)
                              /usr/lib/gcc/arm-none-eabi/13.2.1/../../../arm-none-eabi/lib/thumb/v7e-m+fp/hard/crt0.o (exit)
/usr/lib/gcc/arm-none-eabi/13.2.1/../../../arm-none-eabi/lib/thumb/v7e-m+fp/hard/libg_nano.a(libc_a-atexit.o)
                              /usr/lib/gcc/arm-none-eabi/13.2.1/../../../arm-none-eabi/lib/thumb/v7e-m+fp/hard/crt0.o (atexit)
/usr/lib/gcc/arm-none-eabi/13.2.1/../../../arm-none-eabi/lib/thumb/v7e-m+fp/hard/libg_nano.a(libc_a-fini.o)
                              /usr/lib/gcc/arm-none-eabi/13.2.1/../../../arm-none-eabi/lib/thumb/v7e-m+fp/hard/crt0.o (__libc_fini_array)
/usr/lib/gcc/arm-none-eabi/13.2.1/../../../arm-none-eabi/lib/thumb/v7e-m+fp/hard/libg_nano.a(libc_a-impure.o)
                              /usr/lib/gcc/arm-none-eabi/13.2.1/../../../arm-none-eabi/lib/thumb/v7e-m+fp/hard/libg_nano.a(libc_a-errno.o) (_impure_ptr)
/usr/lib/gcc/arm-none-eabi/13.2.1/../../../arm-none-eabi/lib/thumb/v7e-m+fp/hard/libg_nano.a(libc_a-findfp.o)
                              /usr/lib/gcc/arm-none-eabi/13.2.1/../../../arm-none-eabi/lib/thumb/v7e-m+fp/hard/libg_nano.a(libc_a-exit.o) (__stdio_exit_handler)
/usr/lib/gcc/arm-none-eabi/13.2.1/../../../arm-none-eabi/lib/thumb/v7e-m+fp/hard/libg_nano.a(libc_a-fflush.o)
                              /usr/lib/gcc/arm-none-eabi/13.2.1/../../../arm-none-eabi/lib/thumb/v7e-m+fp/hard/libg_nano.a(libc_a-findfp.o) (_fflush_r)
/usr/lib/gcc/arm-none-eabi/13.2.1/../../../arm-none-eabi/lib/thumb/v7e-m+fp/hard/libg_nano.a(libc_a-mallocr.o)
                              /usr/lib/gcc/arm-none-eabi/13.2.1/../../../arm-none-eabi/lib/thumb/v7e-m+fp/hard/libg_nano.a(libc_a-findfp.o) (_malloc_r)
/usr/lib/gcc/arm-none-eabi/13.2.1/../../../arm-none-eabi/lib/thumb/v7e-m+fp/hard/libg_nano.a(libc_a-freer.o)
                              /usr/lib/gcc/arm-none-eabi/13.2.1/../../../arm-none-eabi/lib/thumb/v7e-m+fp/hard/libg_nano.a(libc_a-fflush.o) (_free_r)
/usr/lib/gcc/arm-none-eabi/13.2.1/../../../arm-none-eabi/lib/thumb/v7e-m+fp/hard/libg_nano.a(libc_a-fwalk.o)
                              /usr/lib/gcc/arm-none-eabi/13.2.1/../../../arm-none-eabi/lib/thumb/v7e-m+fp/hard/libg_nano.a(libc_a-findfp.o) (_fwalk_sglue)
/usr/lib/gcc/arm-none-eabi/13.2.1/../../../arm-none-eabi/lib/thumb/v7e-m+fp/hard/libg_nano.a(libc_a-__atexit.o)
                              /usr/lib/gcc/arm-none-eabi/13.2.1/../../../arm-none-eabi/lib/thumb/v7e-m+fp/hard/libg_nano.a(libc_a-atexit.o) (__register_exitproc)
/usr/lib/gcc/arm-none-eabi/13.2.1/../../../arm-none-eabi/lib/thumb/v7e-m+fp/hard/libg_nano.a(libc_a-mlock.o)
                              /usr/lib/gcc/arm-none-eabi/13.2.1/../../../arm-none-eabi/lib/thumb/v7e-m+fp/hard/libg_nano.a(libc_a-mallocr.o) (__malloc_lock)
/usr/lib/gcc/arm-none-eabi/13.2.1/../../../arm-none-eabi/lib/thumb/v7e-m+fp/hard/libg_nano.a(libc_a-sbrkr.o)
                              /usr/lib/gcc/arm-none-eabi/13.2.1/../../../arm-none-eabi/lib/thumb/v7e-m+fp/hard/libg_nano.a(libc_a-mallocr.o) (_sbrk_r)
/usr/lib/gcc/arm-none-eabi/13.2.1/../../../arm-none-eabi/lib/thumb/v7e-m+fp/hard/libg_nano.a(libc_a-stdio.o)
                              /usr/lib/gcc/arm-none-eabi/13.2.1/../../../arm-none-eabi/lib/thumb/v7e-m+fp/hard/libg_nano.a(libc_a-findfp.o) (__sread)
/usr/lib/gcc/arm-none-eabi/13.2.1/../../../arm-none-eabi/lib/thumb/v7e-m+fp/hard/libg_nano.a(libc_a-closer.o)
                              /usr/lib/gcc/arm-none-eabi/13.2.1/../../../arm-none-eabi/lib/thumb/v7e-m+fp/hard/libg_nano.a(libc_a-stdio.o) (_close_r)
/usr/lib/gcc/arm-none-eabi/13.2.1/../../../arm-none-eabi/lib/thumb/v7e-m+fp/hard/libg_nano.a(libc_a-__call_atexit.o)
                              /usr/lib/gcc/arm-none-eabi/13.2.1/../../../arm-none-eabi/lib/thumb/v7e-m+fp/hard/libg_nano.a(libc_a-__atexit.o) (__call_exitprocs)
/usr/lib/gcc/arm-none-eabi/13.2.1/../../../arm-none-eabi/lib/thumb/v7e-m+fp/hard/libg_nano.a(libc_a-readr.o)
                              /usr/lib/gcc/arm-none-eabi/13.2.1/../../../arm-none-eabi/lib/thumb/v7e-m+fp/hard/libg_nano.a(libc_a-stdio.o) (_read_r)
[...]
Memory Configuration

Name             Origin             Length             Attributes
RAM              0x20000000         0x00018000         xrw
RAM2             0x10000000         0x00008000         xrw
FLASH            0x08000000         0x00100000         xr
*default*        0x00000000         0xffffffff

Linker script and memory map

LOAD /usr/lib/gcc/arm-none-eabi/13.2.1/thumb/v7e-m+fp/hard/crti.o
LOAD /usr/lib/gcc/arm-none-eabi/13.2.1/thumb/v7e-m+fp/hard/crtbegin.o
LOAD /usr/lib/gcc/arm-none-eabi/13.2.1/../../../arm-none-eabi/lib/thumb/v7e-m+fp/hard/crt0.o
LOAD cmake/stm32cubemx/CMakeFiles/STM32_Drivers.dir/__/__/Core/Src/system_stm32l4xx.c.obj
LOAD cmake/stm32cubemx/CMakeFiles/STM32_Drivers.dir/__/__/Drivers/STM32L4xx_HAL_Driver/Src/stm32l4xx_hal.c.obj
LOAD cmake/stm32cubemx/CMakeFiles/STM32_Drivers.dir/__/__/Drivers/STM32L4xx_HAL_Driver/Src/stm32l4xx_hal_rcc.c.obj
LOAD cmake/stm32cubemx/CMakeFiles/STM32_Drivers.dir/__/__/Drivers/STM32L4xx_HAL_Driver/Src/stm32l4xx_hal_rcc_ex.c.obj
LOAD cmake/stm32cubemx/CMakeFiles/STM32_Drivers.dir/__/__/Drivers/STM32L4xx_HAL_Driver/Src/stm32l4xx_hal_flash.c.obj
LOAD cmake/stm32cubemx/CMakeFiles/STM32_Drivers.dir/__/__/Drivers/STM32L4xx_HAL_Driver/Src/stm32l4xx_hal_flash_ex.c.obj
LOAD cmake/stm32cubemx/CMakeFiles/STM32_Drivers.dir/__/__/Drivers/STM32L4xx_HAL_Driver/Src/stm32l4xx_hal_flash_ramfunc.c.obj
LOAD cmake/stm32cubemx/CMakeFiles/STM32_Drivers.dir/__/__/Drivers/STM32L4xx_HAL_Driver/Src/stm32l4xx_hal_gpio.c.obj
LOAD cmake/stm32cubemx/CMakeFiles/STM32_Drivers.dir/__/__/Drivers/STM32L4xx_HAL_Driver/Src/stm32l4xx_hal_i2c.c.obj
LOAD cmake/stm32cubemx/CMakeFiles/STM32_Drivers.dir/__/__/Drivers/STM32L4xx_HAL_Driver/Src/stm32l4xx_hal_i2c_ex.c.obj
LOAD cmake/stm32cubemx/CMakeFiles/STM32_Drivers.dir/__/__/Drivers/STM32L4xx_HAL_Driver/Src/stm32l4xx_hal_dma.c.obj
LOAD cmake/stm32cubemx/CMakeFiles/STM32_Drivers.dir/__/__/Drivers/STM32L4xx_HAL_Driver/Src/stm32l4xx_hal_dma_ex.c.obj
LOAD cmake/stm32cubemx/CMakeFiles/STM32_Drivers.dir/__/__/Drivers/STM32L4xx_HAL_Driver/Src/stm32l4xx_hal_pwr.c.obj
LOAD cmake/stm32cubemx/CMakeFiles/STM32_Drivers.dir/__/__/Drivers/STM32L4xx_HAL_Driver/Src/stm32l4xx_hal_pwr_ex.c.obj
LOAD cmake/stm32cubemx/CMakeFiles/STM32_Drivers.dir/__/__/Drivers/STM32L4xx_HAL_Driver/Src/stm32l4xx_hal_cortex.c.obj
LOAD cmake/stm32cubemx/CMakeFiles/STM32_Drivers.dir/__/__/Drivers/STM32L4xx_HAL_Driver/Src/stm32l4xx_hal_exti.c.obj
LOAD CMakeFiles/cube_blinky_v2.dir/Core/Src/main.c.obj
LOAD CMakeFiles/cube_blinky_v2.dir/Core/Src/stm32l4xx_it.c.obj
LOAD CMakeFiles/cube_blinky_v2.dir/Core/Src/stm32l4xx_hal_msp.c.obj
LOAD CMakeFiles/cube_blinky_v2.dir/Core/Src/sysmem.c.obj
LOAD CMakeFiles/cube_blinky_v2.dir/Core/Src/syscalls.c.obj
LOAD CMakeFiles/cube_blinky_v2.dir/startup_stm32l476xx.s.obj
LOAD CMakeFiles/cube_blinky_v2.dir/home/johed/Documents/GitHub/STM32_Projects/Blinky_v2/app/app.c.obj
LOAD /usr/lib/gcc/arm-none-eabi/13.2.1/../../../arm-none-eabi/lib/thumb/v7e-m+fp/hard/libm.a
START GROUP
LOAD /usr/lib/gcc/arm-none-eabi/13.2.1/thumb/v7e-m+fp/hard/libgcc.a
LOAD /usr/lib/gcc/arm-none-eabi/13.2.1/../../../arm-none-eabi/lib/thumb/v7e-m+fp/hard/libg_nano.a
LOAD /usr/lib/gcc/arm-none-eabi/13.2.1/../../../arm-none-eabi/lib/thumb/v7e-m+fp/hard/libc_nano.a
END GROUP
START GROUP
LOAD /usr/lib/gcc/arm-none-eabi/13.2.1/thumb/v7e-m+fp/hard/libgcc.a
LOAD /usr/lib/gcc/arm-none-eabi/13.2.1/../../../arm-none-eabi/lib/thumb/v7e-m+fp/hard/libc_nano.a
END GROUP
LOAD /usr/lib/gcc/arm-none-eabi/13.2.1/thumb/v7e-m+fp/hard/crtend.o
LOAD /usr/lib/gcc/arm-none-eabi/13.2.1/thumb/v7e-m+fp/hard/crtn.o
                0x20018000                        _estack = (ORIGIN (RAM) + LENGTH (RAM))
                0x00000200                        _Min_Heap_Size = 0x200
                0x00000400                        _Min_Stack_Size = 0x400

.isr_vector     0x08000000      0x188
                0x08000000                        . = ALIGN (0x8)
 *(.isr_vector)
 .isr_vector    0x08000000      0x188 CMakeFiles/cube_blinky_v2.dir/startup_stm32l476xx.s.obj
                0x08000000                g_pfnVectors
                0x08000188                        . = ALIGN (0x8)

.text           0x08000188     0x18c8
                0x08000188                        . = ALIGN (0x8)
 *(.text)
 .text          0x08000188       0x88 /usr/lib/gcc/arm-none-eabi/13.2.1/thumb/v7e-m+fp/hard/crtbegin.o
 .text          0x08000210       0x50 /usr/lib/gcc/arm-none-eabi/13.2.1/../../../arm-none-eabi/lib/thumb/v7e-m+fp/hard/libg_nano.a(libc_a-init.o)
                0x08000210                __libc_init_array
 .text          0x08000260       0xa4 /usr/lib/gcc/arm-none-eabi/13.2.1/../../../arm-none-eabi/lib/thumb/v7e-m+fp/hard/libg_nano.a(libc_a-memset.o)
                0x08000260                memset
 *(.text*)
 .text.SystemInit
                0x08000304       0x24 cmake/stm32cubemx/CMakeFiles/STM32_Drivers.dir/__/__/Core/Src/system_stm32l4xx.c.obj
                0x08000304                SystemInit
 .text.HAL_Init
                0x08000328       0x30 cmake/stm32cubemx/CMakeFiles/STM32_Drivers.dir/__/__/Drivers/STM32L4xx_HAL_Driver/Src/stm32l4xx_hal.c.obj
                0x08000328                HAL_Init
 .text.HAL_InitTick
                0x08000358       0x78 cmake/stm32cubemx/CMakeFiles/STM32_Drivers.dir/__/__/Drivers/STM32L4xx_HAL_Driver/Src/stm32l4xx_hal.c.obj
                0x08000358                HAL_InitTick
 .text.HAL_IncTick
                0x080003d0       0x28 cmake/stm32cubemx/CMakeFiles/STM32_Drivers.dir/__/__/Drivers/STM32L4xx_HAL_Driver/Src/stm32l4xx_hal.c.obj
                0x080003d0                HAL_IncTick
 .text.HAL_GetTick
                0x080003f8       0x18 cmake/stm32cubemx/CMakeFiles/STM32_Drivers.dir/__/__/Drivers/STM32L4xx_HAL_Driver/Src/stm32l4xx_hal.c.obj
                0x080003f8                HAL_GetTick
 .text.HAL_RCC_OscConfig
                0x08000410      0x7b8 cmake/stm32cubemx/CMakeFiles/STM32_Drivers.dir/__/__/Drivers/STM32L4xx_HAL_Driver/Src/stm32l4xx_hal_rcc.c.obj
                0x08000410                HAL_RCC_OscConfig
 .text.HAL_RCC_ClockConfig
                0x08000bc8      0x200 cmake/stm32cubemx/CMakeFiles/STM32_Drivers.dir/__/__/Drivers/STM32L4xx_HAL_Driver/Src/stm32l4xx_hal_rcc.c.obj
                0x08000bc8                HAL_RCC_ClockConfig
 .text.HAL_RCC_GetSysClockFreq
                0x08000dc8      0x118 cmake/stm32cubemx/CMakeFiles/STM32_Drivers.dir/__/__/Drivers/STM32L4xx_HAL_Driver/Src/stm32l4xx_hal_rcc.c.obj
                0x08000dc8                HAL_RCC_GetSysClockFreq
 .text.RCC_SetFlashLatencyFromMSIRange
                0x08000ee0       0xc0 cmake/stm32cubemx/CMakeFiles/STM32_Drivers.dir/__/__/Drivers/STM32L4xx_HAL_Driver/Src/stm32l4xx_hal_rcc.c.obj
 .text.HAL_GPIO_Init
                0x08000fa0      0x354 cmake/stm32cubemx/CMakeFiles/STM32_Drivers.dir/__/__/Drivers/STM32L4xx_HAL_Driver/Src/stm32l4xx_hal_gpio.c.obj
                0x08000fa0                HAL_GPIO_Init
 .text.HAL_GPIO_ReadPin
                0x080012f4       0x30 cmake/stm32cubemx/CMakeFiles/STM32_Drivers.dir/__/__/Drivers/STM32L4xx_HAL_Driver/Src/stm32l4xx_hal_gpio.c.obj
                0x080012f4                HAL_GPIO_ReadPin
 .text.HAL_GPIO_WritePin
                0x08001324       0x30 cmake/stm32cubemx/CMakeFiles/STM32_Drivers.dir/__/__/Drivers/STM32L4xx_HAL_Driver/Src/stm32l4xx_hal_gpio.c.obj
                0x08001324                HAL_GPIO_WritePin
 .text.HAL_GPIO_TogglePin
                0x08001354       0x34 cmake/stm32cubemx/CMakeFiles/STM32_Drivers.dir/__/__/Drivers/STM32L4xx_HAL_Driver/Src/stm32l4xx_hal_gpio.c.obj
                0x08001354                HAL_GPIO_TogglePin
 .text.HAL_PWREx_GetVoltageRange
                0x08001388       0x1c cmake/stm32cubemx/CMakeFiles/STM32_Drivers.dir/__/__/Drivers/STM32L4xx_HAL_Driver/Src/stm32l4xx_hal_pwr_ex.c.obj
                0x08001388                HAL_PWREx_GetVoltageRange
 .text.HAL_PWREx_ControlVoltageScaling
                0x080013a4       0xac cmake/stm32cubemx/CMakeFiles/STM32_Drivers.dir/__/__/Drivers/STM32L4xx_HAL_Driver/Src/stm32l4xx_hal_pwr_ex.c.obj
                0x080013a4                HAL_PWREx_ControlVoltageScaling
 .text.__NVIC_SetPriorityGrouping
                0x08001450       0x48 cmake/stm32cubemx/CMakeFiles/STM32_Drivers.dir/__/__/Drivers/STM32L4xx_HAL_Driver/Src/stm32l4xx_hal_cortex.c.obj
 .text.__NVIC_GetPriorityGrouping
                0x08001498       0x1c cmake/stm32cubemx/CMakeFiles/STM32_Drivers.dir/__/__/Drivers/STM32L4xx_HAL_Driver/Src/stm32l4xx_hal_cortex.c.obj
 .text.__NVIC_SetPriority
                0x080014b4       0x54 cmake/stm32cubemx/CMakeFiles/STM32_Drivers.dir/__/__/Drivers/STM32L4xx_HAL_Driver/Src/stm32l4xx_hal_cortex.c.obj
 .text.NVIC_EncodePriority
                0x08001508       0x66 cmake/stm32cubemx/CMakeFiles/STM32_Drivers.dir/__/__/Drivers/STM32L4xx_HAL_Driver/Src/stm32l4xx_hal_cortex.c.obj
 *fill*         0x0800156e        0x2 
 .text.SysTick_Config
                0x08001570       0x44 cmake/stm32cubemx/CMakeFiles/STM32_Drivers.dir/__/__/Drivers/STM32L4xx_HAL_Driver/Src/stm32l4xx_hal_cortex.c.obj
 .text.HAL_NVIC_SetPriorityGrouping
                0x080015b4       0x16 cmake/stm32cubemx/CMakeFiles/STM32_Drivers.dir/__/__/Drivers/STM32L4xx_HAL_Driver/Src/stm32l4xx_hal_cortex.c.obj
                0x080015b4                HAL_NVIC_SetPriorityGrouping
 .text.HAL_NVIC_SetPriority
                0x080015ca       0x38 cmake/stm32cubemx/CMakeFiles/STM32_Drivers.dir/__/__/Drivers/STM32L4xx_HAL_Driver/Src/stm32l4xx_hal_cortex.c.obj
                0x080015ca                HAL_NVIC_SetPriority
 .text.HAL_SYSTICK_Config
                0x08001602       0x18 cmake/stm32cubemx/CMakeFiles/STM32_Drivers.dir/__/__/Drivers/STM32L4xx_HAL_Driver/Src/stm32l4xx_hal_cortex.c.obj
                0x08001602                HAL_SYSTICK_Config
 *fill*         0x0800161a        0x2 
 .text.main     0x0800161c       0x48 CMakeFiles/cube_blinky_v2.dir/Core/Src/main.c.obj
                0x0800161c                main
 .text.SystemClock_Config
                0x08001664       0x8c CMakeFiles/cube_blinky_v2.dir/Core/Src/main.c.obj
                0x08001664                SystemClock_Config
 .text.MX_GPIO_Init
                0x080016f0       0xc0 CMakeFiles/cube_blinky_v2.dir/Core/Src/main.c.obj
 .text.Error_Handler
                0x080017b0        0xc CMakeFiles/cube_blinky_v2.dir/Core/Src/main.c.obj
                0x080017b0                Error_Handler
 .text.NMI_Handler
                0x080017bc        0x8 CMakeFiles/cube_blinky_v2.dir/Core/Src/stm32l4xx_it.c.obj
                0x080017bc                NMI_Handler
 .text.HardFault_Handler
                0x080017c4        0x8 CMakeFiles/cube_blinky_v2.dir/Core/Src/stm32l4xx_it.c.obj
                0x080017c4                HardFault_Handler
 .text.MemManage_Handler
                0x080017cc        0x8 CMakeFiles/cube_blinky_v2.dir/Core/Src/stm32l4xx_it.c.obj
                0x080017cc                MemManage_Handler
 .text.BusFault_Handler
                0x080017d4        0x8 CMakeFiles/cube_blinky_v2.dir/Core/Src/stm32l4xx_it.c.obj
                0x080017d4                BusFault_Handler
 .text.UsageFault_Handler
                0x080017dc        0x8 CMakeFiles/cube_blinky_v2.dir/Core/Src/stm32l4xx_it.c.obj
                0x080017dc                UsageFault_Handler
 .text.SVC_Handler
                0x080017e4        0xe CMakeFiles/cube_blinky_v2.dir/Core/Src/stm32l4xx_it.c.obj
                0x080017e4                SVC_Handler
 .text.DebugMon_Handler
                0x080017f2        0xe CMakeFiles/cube_blinky_v2.dir/Core/Src/stm32l4xx_it.c.obj
                0x080017f2                DebugMon_Handler
 .text.PendSV_Handler
                0x08001800        0xe CMakeFiles/cube_blinky_v2.dir/Core/Src/stm32l4xx_it.c.obj
                0x08001800                PendSV_Handler
 .text.SysTick_Handler
                0x0800180e        0xc CMakeFiles/cube_blinky_v2.dir/Core/Src/stm32l4xx_it.c.obj
                0x0800180e                SysTick_Handler
 *fill*         0x0800181a        0x2 
 .text.HAL_MspInit
                0x0800181c       0x48 CMakeFiles/cube_blinky_v2.dir/Core/Src/stm32l4xx_hal_msp.c.obj
                0x0800181c                HAL_MspInit
 .text.Reset_Handler
                0x08001864       0x50 CMakeFiles/cube_blinky_v2.dir/startup_stm32l476xx.s.obj
                0x08001864                Reset_Handler
 .text.Default_Handler
                0x080018b4        0x2 CMakeFiles/cube_blinky_v2.dir/startup_stm32l476xx.s.obj
                0x080018b4                RTC_Alarm_IRQHandler
                0x080018b4                EXTI2_IRQHandler
                0x080018b4                TIM8_TRG_COM_IRQHandler
                0x080018b4                TIM8_CC_IRQHandler
                0x080018b4                TIM1_CC_IRQHandler
                0x080018b4                TSC_IRQHandler
                0x080018b4                TAMP_STAMP_IRQHandler
                0x080018b4                EXTI3_IRQHandler
                0x080018b4                LPTIM2_IRQHandler
                0x080018b4                DFSDM1_FLT1_IRQHandler
                0x080018b4                I2C3_ER_IRQHandler
                0x080018b4                DFSDM1_FLT2_IRQHandler
                0x080018b4                EXTI0_IRQHandler
                0x080018b4                I2C2_EV_IRQHandler
                0x080018b4                CAN1_RX0_IRQHandler
                0x080018b4                FPU_IRQHandler
                0x080018b4                TIM1_UP_TIM16_IRQHandler
                0x080018b4                ADC1_2_IRQHandler
                0x080018b4                SPI1_IRQHandler
                0x080018b4                TIM6_DAC_IRQHandler
                0x080018b4                TIM8_UP_IRQHandler
                0x080018b4                DMA2_Channel2_IRQHandler
                0x080018b4                DMA1_Channel4_IRQHandler
                0x080018b4                SAI2_IRQHandler
                0x080018b4                DFSDM1_FLT3_IRQHandler
                0x080018b4                USART3_IRQHandler
                0x080018b4                DMA1_Channel7_IRQHandler
                0x080018b4                CAN1_RX1_IRQHandler
                0x080018b4                LCD_IRQHandler
                0x080018b4                UART5_IRQHandler
                0x080018b4                ADC3_IRQHandler
                0x080018b4                TIM4_IRQHandler
                0x080018b4                DMA2_Channel1_IRQHandler
                0x080018b4                QUADSPI_IRQHandler
                0x080018b4                I2C1_EV_IRQHandler
                0x080018b4                DMA1_Channel6_IRQHandler
                0x080018b4                UART4_IRQHandler
                0x080018b4                DMA2_Channel4_IRQHandler
                0x080018b4                TIM3_IRQHandler
                0x080018b4                RCC_IRQHandler
                0x080018b4                DMA1_Channel1_IRQHandler
                0x080018b4                Default_Handler
                0x080018b4                DMA2_Channel7_IRQHandler
                0x080018b4                EXTI15_10_IRQHandler
                0x080018b4                TIM7_IRQHandler
                0x080018b4                SDMMC1_IRQHandler
                0x080018b4                TIM5_IRQHandler
                0x080018b4                I2C3_EV_IRQHandler
                0x080018b4                EXTI9_5_IRQHandler
                0x080018b4                RTC_WKUP_IRQHandler
                0x080018b4                PVD_PVM_IRQHandler
                0x080018b4                SPI2_IRQHandler
                0x080018b4                CAN1_TX_IRQHandler
                0x080018b4                DMA2_Channel5_IRQHandler
                0x080018b4                DMA1_Channel5_IRQHandler
                0x080018b4                EXTI4_IRQHandler
                0x080018b4                RNG_IRQHandler
                0x080018b4                TIM1_TRG_COM_TIM17_IRQHandler
                0x080018b4                DMA1_Channel3_IRQHandler
                0x080018b4                COMP_IRQHandler
                0x080018b4                WWDG_IRQHandler
                0x080018b4                LPUART1_IRQHandler
                0x080018b4                DMA2_Channel6_IRQHandler
                0x080018b4                TIM2_IRQHandler
                0x080018b4                EXTI1_IRQHandler
                0x080018b4                USART2_IRQHandler
                0x080018b4                DFSDM1_FLT0_IRQHandler
                0x080018b4                I2C2_ER_IRQHandler
                0x080018b4                DMA1_Channel2_IRQHandler
                0x080018b4                TIM8_BRK_IRQHandler
                0x080018b4                CAN1_SCE_IRQHandler
                0x080018b4                FLASH_IRQHandler
                0x080018b4                USART1_IRQHandler
                0x080018b4                OTG_FS_IRQHandler
                0x080018b4                SPI3_IRQHandler
                0x080018b4                I2C1_ER_IRQHandler
                0x080018b4                FMC_IRQHandler
                0x080018b4                SWPMI1_IRQHandler
                0x080018b4                LPTIM1_IRQHandler
                0x080018b4                SAI1_IRQHandler
                0x080018b4                DMA2_Channel3_IRQHandler
                0x080018b4                TIM1_BRK_TIM15_IRQHandler
 .text.app_blink_task
                0x080018b6       0x3c CMakeFiles/cube_blinky_v2.dir/home/johed/Documents/GitHub/STM32_Projects/Blinky_v2/app/app.c.obj
 *fill*         0x080018f2        0x2 
 .text.app_button_task
                0x080018f4       0x8c CMakeFiles/cube_blinky_v2.dir/home/johed/Documents/GitHub/STM32_Projects/Blinky_v2/app/app.c.obj
 .text.app_init
                0x08001980       0x94 CMakeFiles/cube_blinky_v2.dir/home/johed/Documents/GitHub/STM32_Projects/Blinky_v2/app/app.c.obj
                0x08001980                app_init
 .text.app_task
                0x08001a14       0x22 CMakeFiles/cube_blinky_v2.dir/home/johed/Documents/GitHub/STM32_Projects/Blinky_v2/app/app.c.obj
                0x08001a14                app_task
 *(.glue_7)
 .glue_7        0x08001a36        0x0 linker stubs
 *(.glue_7t)
 .glue_7t       0x08001a36        0x0 linker stubs
 *(.eh_frame)
 *fill*         0x08001a36        0x2 
 .eh_frame      0x08001a38        0x0 /usr/lib/gcc/arm-none-eabi/13.2.1/thumb/v7e-m+fp/hard/crtbegin.o
 *(.init)
 .init          0x08001a38        0x4 /usr/lib/gcc/arm-none-eabi/13.2.1/thumb/v7e-m+fp/hard/crti.o
                0x08001a38                _init
 .init          0x08001a3c        0x8 /usr/lib/gcc/arm-none-eabi/13.2.1/thumb/v7e-m+fp/hard/crtn.o
 *(.fini)
 .fini          0x08001a44        0x4 /usr/lib/gcc/arm-none-eabi/13.2.1/thumb/v7e-m+fp/hard/crti.o
                0x08001a44                _fini
 .fini          0x08001a48        0x8 /usr/lib/gcc/arm-none-eabi/13.2.1/thumb/v7e-m+fp/hard/crtn.o
                0x08001a50                        . = ALIGN (0x8)
                0x08001a50                        _etext = .

.vfp11_veneer   0x08001a50        0x0
 .vfp11_veneer  0x08001a50        0x0 linker stubs

.v4_bx          0x08001a50        0x0
 .v4_bx         0x08001a50        0x0 linker stubs

.iplt           0x08001a50        0x0
 .iplt          0x08001a50        0x0 /usr/lib/gcc/arm-none-eabi/13.2.1/thumb/v7e-m+fp/hard/crtbegin.o

.rodata         0x08001a50       0x40
                0x08001a50                        . = ALIGN (0x8)
 *(.rodata)
 *(.rodata*)
 .rodata.AHBPrescTable
                0x08001a50       0x10 cmake/stm32cubemx/CMakeFiles/STM32_Drivers.dir/__/__/Core/Src/system_stm32l4xx.c.obj
                0x08001a50                AHBPrescTable
 .rodata.MSIRangeTable
                0x08001a60       0x30 cmake/stm32cubemx/CMakeFiles/STM32_Drivers.dir/__/__/Core/Src/system_stm32l4xx.c.obj
                0x08001a60                MSIRangeTable
                0x08001a90                        . = ALIGN (0x8)

.ARM.extab      0x08001a90        0x0
                0x08001a90                        . = ALIGN (0x8)
 *(.ARM.extab* .gnu.linkonce.armextab.*)
                0x08001a90                        . = ALIGN (0x8)

.ARM            0x08001a90        0x0
                0x08001a90                        . = ALIGN (0x8)
                0x08001a90                        __exidx_start = .
 *(.ARM.exidx*)
                0x08001a90                        __exidx_end = .
                0x08001a90                        . = ALIGN (0x8)

.preinit_array  0x08001a90        0x0
                0x08001a90                        . = ALIGN (0x8)
                0x08001a90                        PROVIDE (__preinit_array_start = .)
 *(.preinit_array*)
                0x08001a90                        PROVIDE (__preinit_array_end = .)
                0x08001a90                        . = ALIGN (0x8)

.init_array     0x08001a90        0x8
                0x08001a90                        . = ALIGN (0x8)
                0x08001a90                        PROVIDE (__init_array_start = .)
 *(SORT_BY_NAME(.init_array.*))
 *(.init_array*)
 .init_array    0x08001a90        0x4 /usr/lib/gcc/arm-none-eabi/13.2.1/thumb/v7e-m+fp/hard/crtbegin.o
                0x08001a94                        PROVIDE (__init_array_end = .)
                0x08001a98                        . = ALIGN (0x8)
 *fill*         0x08001a94        0x4 

.fini_array     0x08001a98        0x8
                0x08001a98                        . = ALIGN (0x8)
                0x08001a98                        PROVIDE (__fini_array_start = .)
 *(SORT_BY_NAME(.fini_array.*))
 *(.fini_array*)
 .fini_array    0x08001a98        0x4 /usr/lib/gcc/arm-none-eabi/13.2.1/thumb/v7e-m+fp/hard/crtbegin.o
                0x08001a9c                        PROVIDE (__fini_array_end = .)
                0x08001aa0                        . = ALIGN (0x8)
 *fill*         0x08001a9c        0x4 
                0x08001aa0                        _sidata = LOADADDR (.data)

.rel.dyn        0x08001aa0        0x0
 .rel.iplt      0x08001aa0        0x0 /usr/lib/gcc/arm-none-eabi/13.2.1/thumb/v7e-m+fp/hard/crtbegin.o

.data           0x20000000       0x10 load address 0x08001aa0
                0x20000000                        . = ALIGN (0x8)
                0x20000000                        _sdata = .
 *(.data)
 *(.data*)
 .data.SystemCoreClock
                0x20000000        0x4 cmake/stm32cubemx/CMakeFiles/STM32_Drivers.dir/__/__/Core/Src/system_stm32l4xx.c.obj
                0x20000000                SystemCoreClock
 .data.uwTickPrio
                0x20000004        0x4 cmake/stm32cubemx/CMakeFiles/STM32_Drivers.dir/__/__/Drivers/STM32L4xx_HAL_Driver/Src/stm32l4xx_hal.c.obj
                0x20000004                uwTickPrio
 .data.uwTickFreq
                0x20000008        0x1 cmake/stm32cubemx/CMakeFiles/STM32_Drivers.dir/__/__/Drivers/STM32L4xx_HAL_Driver/Src/stm32l4xx_hal.c.obj
                0x20000008                uwTickFreq
 *(.RamFunc)
 *(.RamFunc*)
                0x20000010                        . = ALIGN (0x8)
 *fill*         0x20000009        0x7 

.tm_clone_table
                0x20000010        0x0 load address 0x08001ab0
 .tm_clone_table
                0x20000010        0x0 /usr/lib/gcc/arm-none-eabi/13.2.1/thumb/v7e-m+fp/hard/crtbegin.o
 .tm_clone_table
                0x20000010        0x0 /usr/lib/gcc/arm-none-eabi/13.2.1/thumb/v7e-m+fp/hard/crtend.o

.igot.plt       0x20000010        0x0 load address 0x08001ab0
 .igot.plt      0x20000010        0x0 /usr/lib/gcc/arm-none-eabi/13.2.1/thumb/v7e-m+fp/hard/crtbegin.o

.tdata          0x20000010        0x0 load address 0x08001ab0
 *(.tdata .tdata.* .gnu.linkonce.td.*)
                0x20000010                        . = ALIGN (0x4)
                0x20000010                        _edata = .
                [!provide]                        PROVIDE (__data_end = .)
                [!provide]                        PROVIDE (__tdata_end = .)
                [!provide]                        PROVIDE (__tdata_start = ADDR (.tdata))
                [!provide]                        PROVIDE (__tdata_size = (__tdata_end - __tdata_start))
                [!provide]                        PROVIDE (__data_start = ADDR (.data))
                [!provide]                        PROVIDE (__data_size = (__data_end - __data_start))
                [!provide]                        PROVIDE (__tdata_source = LOADADDR (.tdata))
                [!provide]                        PROVIDE (__tdata_source_end = (LOADADDR (.tdata) + SIZEOF (.tdata)))
                [!provide]                        PROVIDE (__tdata_source_size = (__tdata_source_end - __tdata_source))
                [!provide]                        PROVIDE (__data_source = LOADADDR (.data))
                [!provide]                        PROVIDE (__data_source_end = __tdata_source_end)
                [!provide]                        PROVIDE (__data_source_size = (__data_source_end - __data_source))

.tbss           0x20000010        0x0 load address 0x08001ab0
                0x20000010                        _sbss = .
                0x20000010                        __bss_start__ = _sbss
 *(.tbss .tbss.*)
                0x20000010                        . = ALIGN (0x4)
                [!provide]                        PROVIDE (__tbss_end = .)
                [!provide]                        PROVIDE (__tbss_start = ADDR (.tbss))
                [!provide]                        PROVIDE (__tbss_size = (__tbss_end - __tbss_start))
                [!provide]                        PROVIDE (__tbss_offset = (ADDR (.tbss) - ADDR (.tdata)))
                [!provide]                        PROVIDE (__tls_base = __tdata_start)
                [!provide]                        PROVIDE (__tls_end = __tbss_end)
                [!provide]                        PROVIDE (__tls_size = (__tls_end - __tls_base))
                [!provide]                        PROVIDE (__tls_align = MAX (ALIGNOF (.tdata), ALIGNOF (.tbss)))
                [!provide]                        PROVIDE (__tls_size_align = (((__tls_size + __tls_align) - 0x1) & ~ ((__tls_align - 0x1))))
                [!provide]                        PROVIDE (__arm32_tls_tcb_offset = MAX (0x8, __tls_align))
                [!provide]                        PROVIDE (__arm64_tls_tcb_offset = MAX (0x10, __tls_align))

.bss            0x20000010       0x44 load address 0x08001ab0
 *(.bss)
 .bss           0x20000010       0x1c /usr/lib/gcc/arm-none-eabi/13.2.1/thumb/v7e-m+fp/hard/crtbegin.o
 *(.bss*)
 .bss.uwTick    0x2000002c        0x4 cmake/stm32cubemx/CMakeFiles/STM32_Drivers.dir/__/__/Drivers/STM32L4xx_HAL_Driver/Src/stm32l4xx_hal.c.obj
                0x2000002c                uwTick
 .bss.g_app     0x20000030       0x24 CMakeFiles/cube_blinky_v2.dir/Core/Src/main.c.obj
 *(COMMON)
                0x20000054                        . = ALIGN (0x4)
                0x20000054                        _ebss = .
                0x20000054                        __bss_end__ = _ebss
                [!provide]                        PROVIDE (__bss_end = .)
                [!provide]                        PROVIDE (__non_tls_bss_start = ADDR (.bss))
                [!provide]                        PROVIDE (__bss_start = __tbss_start)
                [!provide]                        PROVIDE (__bss_size = (__bss_end - __bss_start))

._user_heap_stack
                0x20000054      0x604 load address 0x08001ab0
                0x20000058                        . = ALIGN (0x8)
 *fill*         0x20000054        0x4 
                [!provide]                        PROVIDE (end = .)
                0x20000058                        PROVIDE (_end = .)
                0x20000258                        . = (. + _Min_Heap_Size)
 *fill*         0x20000058      0x200 
                0x20000658                        . = (. + _Min_Stack_Size)
 *fill*         0x20000258      0x400 
                0x20000658                        . = ALIGN (0x8)

/DISCARD/
 libc.a:*(*)
 libm.a:*(*)
 libgcc.a:*(*)
OUTPUT(cube_blinky_v2.elf elf32-littlearm)
LOAD linker stubs

.ARM.attributes
                0x00000000       0x30
 .ARM.attributes
                0x00000000       0x22 /usr/lib/gcc/arm-none-eabi/13.2.1/thumb/v7e-m+fp/hard/crti.o
 .ARM.attributes
                0x00000022       0x34 /usr/lib/gcc/arm-none-eabi/13.2.1/thumb/v7e-m+fp/hard/crtbegin.o
 .ARM.attributes
                0x00000056       0x34 cmake/stm32cubemx/CMakeFiles/STM32_Drivers.dir/__/__/Core/Src/system_stm32l4xx.c.obj
 .ARM.attributes
                0x0000008a       0x34 cmake/stm32cubemx/CMakeFiles/STM32_Drivers.dir/__/__/Drivers/STM32L4xx_HAL_Driver/Src/stm32l4xx_hal.c.obj
 .ARM.attributes
                0x000000be       0x34 cmake/stm32cubemx/CMakeFiles/STM32_Drivers.dir/__/__/Drivers/STM32L4xx_HAL_Driver/Src/stm32l4xx_hal_rcc.c.obj
 .ARM.attributes
                0x000000f2       0x34 cmake/stm32cubemx/CMakeFiles/STM32_Drivers.dir/__/__/Drivers/STM32L4xx_HAL_Driver/Src/stm32l4xx_hal_gpio.c.obj
 .ARM.attributes
                0x00000126       0x34 cmake/stm32cubemx/CMakeFiles/STM32_Drivers.dir/__/__/Drivers/STM32L4xx_HAL_Driver/Src/stm32l4xx_hal_pwr_ex.c.obj
 .ARM.attributes
                0x0000015a       0x34 cmake/stm32cubemx/CMakeFiles/STM32_Drivers.dir/__/__/Drivers/STM32L4xx_HAL_Driver/Src/stm32l4xx_hal_cortex.c.obj
 .ARM.attributes
                0x0000018e       0x34 CMakeFiles/cube_blinky_v2.dir/Core/Src/main.c.obj
 .ARM.attributes
                0x000001c2       0x34 CMakeFiles/cube_blinky_v2.dir/Core/Src/stm32l4xx_it.c.obj
 .ARM.attributes
                0x000001f6       0x34 CMakeFiles/cube_blinky_v2.dir/Core/Src/stm32l4xx_hal_msp.c.obj
 .ARM.attributes
                0x0000022a       0x21 CMakeFiles/cube_blinky_v2.dir/startup_stm32l476xx.s.obj
 .ARM.attributes
                0x0000024b       0x34 CMakeFiles/cube_blinky_v2.dir/home/johed/Documents/GitHub/STM32_Projects/Blinky_v2/app/app.c.obj
 .ARM.attributes
                0x0000027f       0x34 /usr/lib/gcc/arm-none-eabi/13.2.1/../../../arm-none-eabi/lib/thumb/v7e-m+fp/hard/libg_nano.a(libc_a-init.o)
 .ARM.attributes
                0x000002b3       0x34 /usr/lib/gcc/arm-none-eabi/13.2.1/../../../arm-none-eabi/lib/thumb/v7e-m+fp/hard/libg_nano.a(libc_a-memset.o)
 .ARM.attributes
                0x000002e7       0x34 /usr/lib/gcc/arm-none-eabi/13.2.1/thumb/v7e-m+fp/hard/crtend.o
 .ARM.attributes
                0x0000031b       0x22 /usr/lib/gcc/arm-none-eabi/13.2.1/thumb/v7e-m+fp/hard/crtn.o

.comment        0x00000000       0x26
 .comment       0x00000000       0x26 /usr/lib/gcc/arm-none-eabi/13.2.1/thumb/v7e-m+fp/hard/crtbegin.o
                                 0x27 (size before relaxing)
 .comment       0x00000026       0x27 cmake/stm32cubemx/CMakeFiles/STM32_Drivers.dir/__/__/Core/Src/system_stm32l4xx.c.obj
 .comment       0x00000026       0x27 cmake/stm32cubemx/CMakeFiles/STM32_Drivers.dir/__/__/Drivers/STM32L4xx_HAL_Driver/Src/stm32l4xx_hal.c.obj
 .comment       0x00000026       0x27 cmake/stm32cubemx/CMakeFiles/STM32_Drivers.dir/__/__/Drivers/STM32L4xx_HAL_Driver/Src/stm32l4xx_hal_rcc.c.obj
 .comment       0x00000026       0x27 cmake/stm32cubemx/CMakeFiles/STM32_Drivers.dir/__/__/Drivers/STM32L4xx_HAL_Driver/Src/stm32l4xx_hal_gpio.c.obj
 .comment       0x00000026       0x27 cmake/stm32cubemx/CMakeFiles/STM32_Drivers.dir/__/__/Drivers/STM32L4xx_HAL_Driver/Src/stm32l4xx_hal_pwr_ex.c.obj
 .comment       0x00000026       0x27 cmake/stm32cubemx/CMakeFiles/STM32_Drivers.dir/__/__/Drivers/STM32L4xx_HAL_Driver/Src/stm32l4xx_hal_cortex.c.obj
 .comment       0x00000026       0x27 CMakeFiles/cube_blinky_v2.dir/Core/Src/main.c.obj
 .comment       0x00000026       0x27 CMakeFiles/cube_blinky_v2.dir/Core/Src/stm32l4xx_it.c.obj
 .comment       0x00000026       0x27 CMakeFiles/cube_blinky_v2.dir/Core/Src/stm32l4xx_hal_msp.c.obj
 .comment       0x00000026       0x27 CMakeFiles/cube_blinky_v2.dir/home/johed/Documents/GitHub/STM32_Projects/Blinky_v2/app/app.c.obj
 .comment       0x00000026       0x27 /usr/lib/gcc/arm-none-eabi/13.2.1/../../../arm-none-eabi/lib/thumb/v7e-m+fp/hard/libg_nano.a(libc_a-init.o)
 .comment       0x00000026       0x27 /usr/lib/gcc/arm-none-eabi/13.2.1/../../../arm-none-eabi/lib/thumb/v7e-m+fp/hard/libg_nano.a(libc_a-memset.o)
 .comment       0x00000026       0x27 /usr/lib/gcc/arm-none-eabi/13.2.1/thumb/v7e-m+fp/hard/crtend.o

.debug_info     0x00000000     0x4e21
 .debug_info    0x00000000      0x5c8 cmake/stm32cubemx/CMakeFiles/STM32_Drivers.dir/__/__/Core/Src/system_stm32l4xx.c.obj
 .debug_info    0x000005c8      0xb15 cmake/stm32cubemx/CMakeFiles/STM32_Drivers.dir/__/__/Drivers/STM32L4xx_HAL_Driver/Src/stm32l4xx_hal.c.obj
 .debug_info    0x000010dd      0xc21 cmake/stm32cubemx/CMakeFiles/STM32_Drivers.dir/__/__/Drivers/STM32L4xx_HAL_Driver/Src/stm32l4xx_hal_rcc.c.obj
 .debug_info    0x00001cfe      0x77b cmake/stm32cubemx/CMakeFiles/STM32_Drivers.dir/__/__/Drivers/STM32L4xx_HAL_Driver/Src/stm32l4xx_hal_gpio.c.obj
 .debug_info    0x00002479      0x9b2 cmake/stm32cubemx/CMakeFiles/STM32_Drivers.dir/__/__/Drivers/STM32L4xx_HAL_Driver/Src/stm32l4xx_hal_pwr_ex.c.obj
 .debug_info    0x00002e2b      0xd89 cmake/stm32cubemx/CMakeFiles/STM32_Drivers.dir/__/__/Drivers/STM32L4xx_HAL_Driver/Src/stm32l4xx_hal_cortex.c.obj
 .debug_info    0x00003bb4      0x7ee CMakeFiles/cube_blinky_v2.dir/Core/Src/main.c.obj
 .debug_info    0x000043a2      0x14b CMakeFiles/cube_blinky_v2.dir/Core/Src/stm32l4xx_it.c.obj
 .debug_info    0x000044ed      0x2e7 CMakeFiles/cube_blinky_v2.dir/Core/Src/stm32l4xx_hal_msp.c.obj
 .debug_info    0x000047d4       0x30 CMakeFiles/cube_blinky_v2.dir/startup_stm32l476xx.s.obj
 .debug_info    0x00004804      0x3dd CMakeFiles/cube_blinky_v2.dir/home/johed/Documents/GitHub/STM32_Projects/Blinky_v2/app/app.c.obj
 .debug_info    0x00004be1      0x10b /usr/lib/gcc/arm-none-eabi/13.2.1/../../../arm-none-eabi/lib/thumb/v7e-m+fp/hard/libg_nano.a(libc_a-init.o)
 .debug_info    0x00004cec      0x135 /usr/lib/gcc/arm-none-eabi/13.2.1/../../../arm-none-eabi/lib/thumb/v7e-m+fp/hard/libg_nano.a(libc_a-memset.o)

.debug_abbrev   0x00000000     0x143e
 .debug_abbrev  0x00000000      0x118 cmake/stm32cubemx/CMakeFiles/STM32_Drivers.dir/__/__/Core/Src/system_stm32l4xx.c.obj
 .debug_abbrev  0x00000118      0x243 cmake/stm32cubemx/CMakeFiles/STM32_Drivers.dir/__/__/Drivers/STM32L4xx_HAL_Driver/Src/stm32l4xx_hal.c.obj
 .debug_abbrev  0x0000035b      0x2dc cmake/stm32cubemx/CMakeFiles/STM32_Drivers.dir/__/__/Drivers/STM32L4xx_HAL_Driver/Src/stm32l4xx_hal_rcc.c.obj
 .debug_abbrev  0x00000637      0x1d1 cmake/stm32cubemx/CMakeFiles/STM32_Drivers.dir/__/__/Drivers/STM32L4xx_HAL_Driver/Src/stm32l4xx_hal_gpio.c.obj
 .debug_abbrev  0x00000808      0x1f9 cmake/stm32cubemx/CMakeFiles/STM32_Drivers.dir/__/__/Drivers/STM32L4xx_HAL_Driver/Src/stm32l4xx_hal_pwr_ex.c.obj
 .debug_abbrev  0x00000a01      0x31c cmake/stm32cubemx/CMakeFiles/STM32_Drivers.dir/__/__/Drivers/STM32L4xx_HAL_Driver/Src/stm32l4xx_hal_cortex.c.obj
 .debug_abbrev  0x00000d1d      0x221 CMakeFiles/cube_blinky_v2.dir/Core/Src/main.c.obj
 .debug_abbrev  0x00000f3e       0xac CMakeFiles/cube_blinky_v2.dir/Core/Src/stm32l4xx_it.c.obj
 .debug_abbrev  0x00000fea       0xde CMakeFiles/cube_blinky_v2.dir/Core/Src/stm32l4xx_hal_msp.c.obj
 .debug_abbrev  0x000010c8       0x24 CMakeFiles/cube_blinky_v2.dir/startup_stm32l476xx.s.obj
 .debug_abbrev  0x000010ec      0x1d2 CMakeFiles/cube_blinky_v2.dir/home/johed/Documents/GitHub/STM32_Projects/Blinky_v2/app/app.c.obj
 .debug_abbrev  0x000012be       0xc9 /usr/lib/gcc/arm-none-eabi/13.2.1/../../../arm-none-eabi/lib/thumb/v7e-m+fp/hard/libg_nano.a(libc_a-init.o)
 .debug_abbrev  0x00001387       0xb7 /usr/lib/gcc/arm-none-eabi/13.2.1/../../../arm-none-eabi/lib/thumb/v7e-m+fp/hard/libg_nano.a(libc_a-memset.o)

.debug_aranges  0x00000000      0x620
 .debug_aranges
                0x00000000       0x28 cmake/stm32cubemx/CMakeFiles/STM32_Drivers.dir/__/__/Core/Src/system_stm32l4xx.c.obj
 .debug_aranges
                0x00000028      0x130 cmake/stm32cubemx/CMakeFiles/STM32_Drivers.dir/__/__/Drivers/STM32L4xx_HAL_Driver/Src/stm32l4xx_hal.c.obj
 .debug_aranges
                0x00000158       0x90 cmake/stm32cubemx/CMakeFiles/STM32_Drivers.dir/__/__/Drivers/STM32L4xx_HAL_Driver/Src/stm32l4xx_hal_rcc.c.obj
 .debug_aranges
                0x000001e8       0x58 cmake/stm32cubemx/CMakeFiles/STM32_Drivers.dir/__/__/Drivers/STM32L4xx_HAL_Driver/Src/stm32l4xx_hal_gpio.c.obj
 .debug_aranges
                0x00000240      0x160 cmake/stm32cubemx/CMakeFiles/STM32_Drivers.dir/__/__/Drivers/STM32L4xx_HAL_Driver/Src/stm32l4xx_hal_pwr_ex.c.obj
 .debug_aranges
                0x000003a0      0x128 cmake/stm32cubemx/CMakeFiles/STM32_Drivers.dir/__/__/Drivers/STM32L4xx_HAL_Driver/Src/stm32l4xx_hal_cortex.c.obj
 .debug_aranges
                0x000004c8       0x38 CMakeFiles/cube_blinky_v2.dir/Core/Src/main.c.obj
 .debug_aranges
                0x00000500       0x60 CMakeFiles/cube_blinky_v2.dir/Core/Src/stm32l4xx_it.c.obj
 .debug_aranges
                0x00000560       0x20 CMakeFiles/cube_blinky_v2.dir/Core/Src/stm32l4xx_hal_msp.c.obj
 .debug_aranges
                0x00000580       0x28 CMakeFiles/cube_blinky_v2.dir/startup_stm32l476xx.s.obj
 .debug_aranges
                0x000005a8       0x38 CMakeFiles/cube_blinky_v2.dir/home/johed/Documents/GitHub/STM32_Projects/Blinky_v2/app/app.c.obj
 .debug_aranges
                0x000005e0       0x20 /usr/lib/gcc/arm-none-eabi/13.2.1/../../../arm-none-eabi/lib/thumb/v7e-m+fp/hard/libg_nano.a(libc_a-init.o)
 .debug_aranges
                0x00000600       0x20 /usr/lib/gcc/arm-none-eabi/13.2.1/../../../arm-none-eabi/lib/thumb/v7e-m+fp/hard/libg_nano.a(libc_a-memset.o)

.debug_rnglists
                0x00000000      0x445
 .debug_rnglists
                0x00000000       0x1a cmake/stm32cubemx/CMakeFiles/STM32_Drivers.dir/__/__/Core/Src/system_stm32l4xx.c.obj
 .debug_rnglists
                0x0000001a       0xdf cmake/stm32cubemx/CMakeFiles/STM32_Drivers.dir/__/__/Drivers/STM32L4xx_HAL_Driver/Src/stm32l4xx_hal.c.obj
 .debug_rnglists
                0x000000f9       0x6d cmake/stm32cubemx/CMakeFiles/STM32_Drivers.dir/__/__/Drivers/STM32L4xx_HAL_Driver/Src/stm32l4xx_hal_rcc.c.obj
 .debug_rnglists
                0x00000166       0x3f cmake/stm32cubemx/CMakeFiles/STM32_Drivers.dir/__/__/Drivers/STM32L4xx_HAL_Driver/Src/stm32l4xx_hal_gpio.c.obj
 .debug_rnglists
                0x000001a5      0x109 cmake/stm32cubemx/CMakeFiles/STM32_Drivers.dir/__/__/Drivers/STM32L4xx_HAL_Driver/Src/stm32l4xx_hal_pwr_ex.c.obj
 .debug_rnglists
                0x000002ae       0xda cmake/stm32cubemx/CMakeFiles/STM32_Drivers.dir/__/__/Drivers/STM32L4xx_HAL_Driver/Src/stm32l4xx_hal_cortex.c.obj
 .debug_rnglists
                0x00000388       0x27 CMakeFiles/cube_blinky_v2.dir/Core/Src/main.c.obj
 .debug_rnglists
                0x000003af       0x43 CMakeFiles/cube_blinky_v2.dir/Core/Src/stm32l4xx_it.c.obj
 .debug_rnglists
                0x000003f2       0x13 CMakeFiles/cube_blinky_v2.dir/Core/Src/stm32l4xx_hal_msp.c.obj
 .debug_rnglists
                0x00000405       0x19 CMakeFiles/cube_blinky_v2.dir/startup_stm32l476xx.s.obj
 .debug_rnglists
                0x0000041e       0x27 CMakeFiles/cube_blinky_v2.dir/home/johed/Documents/GitHub/STM32_Projects/Blinky_v2/app/app.c.obj

.debug_macro    0x00000000    0x242d3
 .debug_macro   0x00000000      0x15e cmake/stm32cubemx/CMakeFiles/STM32_Drivers.dir/__/__/Core/Src/system_stm32l4xx.c.obj
 .debug_macro   0x0000015e      0xad8 cmake/stm32cubemx/CMakeFiles/STM32_Drivers.dir/__/__/Core/Src/system_stm32l4xx.c.obj
 .debug_macro   0x00000c36       0x2e cmake/stm32cubemx/CMakeFiles/STM32_Drivers.dir/__/__/Core/Src/system_stm32l4xx.c.obj
 .debug_macro   0x00000c64       0x28 cmake/stm32cubemx/CMakeFiles/STM32_Drivers.dir/__/__/Core/Src/system_stm32l4xx.c.obj
 .debug_macro   0x00000c8c      0x34e cmake/stm32cubemx/CMakeFiles/STM32_Drivers.dir/__/__/Core/Src/system_stm32l4xx.c.obj
 .debug_macro   0x00000fda       0x1c cmake/stm32cubemx/CMakeFiles/STM32_Drivers.dir/__/__/Core/Src/system_stm32l4xx.c.obj
 .debug_macro   0x00000ff6       0x22 cmake/stm32cubemx/CMakeFiles/STM32_Drivers.dir/__/__/Core/Src/system_stm32l4xx.c.obj
 .debug_macro   0x00001018       0xfb cmake/stm32cubemx/CMakeFiles/STM32_Drivers.dir/__/__/Core/Src/system_stm32l4xx.c.obj
 .debug_macro   0x00001113     0x1011 cmake/stm32cubemx/CMakeFiles/STM32_Drivers.dir/__/__/Core/Src/system_stm32l4xx.c.obj
 .debug_macro   0x00002124      0x11f cmake/stm32cubemx/CMakeFiles/STM32_Drivers.dir/__/__/Core/Src/system_stm32l4xx.c.obj
 .debug_macro   0x00002243    0x1a192 cmake/stm32cubemx/CMakeFiles/STM32_Drivers.dir/__/__/Core/Src/system_stm32l4xx.c.obj
 .debug_macro   0x0001c3d5       0x6d cmake/stm32cubemx/CMakeFiles/STM32_Drivers.dir/__/__/Core/Src/system_stm32l4xx.c.obj
 .debug_macro   0x0001c442      0x19b cmake/stm32cubemx/CMakeFiles/STM32_Drivers.dir/__/__/Core/Src/system_stm32l4xx.c.obj
 .debug_macro   0x0001c5dd     0x38fb cmake/stm32cubemx/CMakeFiles/STM32_Drivers.dir/__/__/Core/Src/system_stm32l4xx.c.obj
 .debug_macro   0x0001fed8      0x190 cmake/stm32cubemx/CMakeFiles/STM32_Drivers.dir/__/__/Core/Src/system_stm32l4xx.c.obj
 .debug_macro   0x00020068       0x5c cmake/stm32cubemx/CMakeFiles/STM32_Drivers.dir/__/__/Core/Src/system_stm32l4xx.c.obj
 .debug_macro   0x000200c4     0x159e cmake/stm32cubemx/CMakeFiles/STM32_Drivers.dir/__/__/Core/Src/system_stm32l4xx.c.obj
 .debug_macro   0x00021662      0x5a5 cmake/stm32cubemx/CMakeFiles/STM32_Drivers.dir/__/__/Core/Src/system_stm32l4xx.c.obj
 .debug_macro   0x00021c07      0x1b9 cmake/stm32cubemx/CMakeFiles/STM32_Drivers.dir/__/__/Core/Src/system_stm32l4xx.c.obj
 .debug_macro   0x00021dc0      0x18b cmake/stm32cubemx/CMakeFiles/STM32_Drivers.dir/__/__/Core/Src/system_stm32l4xx.c.obj
 .debug_macro   0x00021f4b      0x2c4 cmake/stm32cubemx/CMakeFiles/STM32_Drivers.dir/__/__/Core/Src/system_stm32l4xx.c.obj
 .debug_macro   0x0002220f      0x27a cmake/stm32cubemx/CMakeFiles/STM32_Drivers.dir/__/__/Core/Src/system_stm32l4xx.c.obj
 .debug_macro   0x00022489      0x23d cmake/stm32cubemx/CMakeFiles/STM32_Drivers.dir/__/__/Core/Src/system_stm32l4xx.c.obj
 .debug_macro   0x000226c6      0x241 cmake/stm32cubemx/CMakeFiles/STM32_Drivers.dir/__/__/Core/Src/system_stm32l4xx.c.obj
 .debug_macro   0x00022907      0x37c cmake/stm32cubemx/CMakeFiles/STM32_Drivers.dir/__/__/Core/Src/system_stm32l4xx.c.obj
 .debug_macro   0x00022c83       0xd6 cmake/stm32cubemx/CMakeFiles/STM32_Drivers.dir/__/__/Core/Src/system_stm32l4xx.c.obj
 .debug_macro   0x00022d59      0x122 cmake/stm32cubemx/CMakeFiles/STM32_Drivers.dir/__/__/Core/Src/system_stm32l4xx.c.obj
 .debug_macro   0x00022e7b      0x3ef cmake/stm32cubemx/CMakeFiles/STM32_Drivers.dir/__/__/Core/Src/system_stm32l4xx.c.obj
 .debug_macro   0x0002326a      0x330 cmake/stm32cubemx/CMakeFiles/STM32_Drivers.dir/__/__/Core/Src/system_stm32l4xx.c.obj
 .debug_macro   0x0002359a      0x1ac cmake/stm32cubemx/CMakeFiles/STM32_Drivers.dir/__/__/Drivers/STM32L4xx_HAL_Driver/Src/stm32l4xx_hal.c.obj
 .debug_macro   0x00023746      0x1a0 cmake/stm32cubemx/CMakeFiles/STM32_Drivers.dir/__/__/Drivers/STM32L4xx_HAL_Driver/Src/stm32l4xx_hal_rcc.c.obj
 .debug_macro   0x000238e6      0x165 cmake/stm32cubemx/CMakeFiles/STM32_Drivers.dir/__/__/Drivers/STM32L4xx_HAL_Driver/Src/stm32l4xx_hal_gpio.c.obj
 .debug_macro   0x00023a4b      0x182 cmake/stm32cubemx/CMakeFiles/STM32_Drivers.dir/__/__/Drivers/STM32L4xx_HAL_Driver/Src/stm32l4xx_hal_pwr_ex.c.obj
 .debug_macro   0x00023bcd      0x15e cmake/stm32cubemx/CMakeFiles/STM32_Drivers.dir/__/__/Drivers/STM32L4xx_HAL_Driver/Src/stm32l4xx_hal_cortex.c.obj
 .debug_macro   0x00023d2b      0x16c CMakeFiles/cube_blinky_v2.dir/Core/Src/main.c.obj
 .debug_macro   0x00023e97      0x172 CMakeFiles/cube_blinky_v2.dir/Core/Src/stm32l4xx_it.c.obj
 .debug_macro   0x00024009      0x168 CMakeFiles/cube_blinky_v2.dir/Core/Src/stm32l4xx_hal_msp.c.obj
 .debug_macro   0x00024171      0x162 CMakeFiles/cube_blinky_v2.dir/home/johed/Documents/GitHub/STM32_Projects/Blinky_v2/app/app.c.obj

.debug_line     0x00000000     0x5b3e
 .debug_line    0x00000000      0x62d cmake/stm32cubemx/CMakeFiles/STM32_Drivers.dir/__/__/Core/Src/system_stm32l4xx.c.obj
 .debug_line    0x0000062d      0x998 cmake/stm32cubemx/CMakeFiles/STM32_Drivers.dir/__/__/Drivers/STM32L4xx_HAL_Driver/Src/stm32l4xx_hal.c.obj
 .debug_line    0x00000fc5      0xeed cmake/stm32cubemx/CMakeFiles/STM32_Drivers.dir/__/__/Drivers/STM32L4xx_HAL_Driver/Src/stm32l4xx_hal_rcc.c.obj
 .debug_line    0x00001eb2      0x9ec cmake/stm32cubemx/CMakeFiles/STM32_Drivers.dir/__/__/Drivers/STM32L4xx_HAL_Driver/Src/stm32l4xx_hal_gpio.c.obj
 .debug_line    0x0000289e      0xb7a cmake/stm32cubemx/CMakeFiles/STM32_Drivers.dir/__/__/Drivers/STM32L4xx_HAL_Driver/Src/stm32l4xx_hal_pwr_ex.c.obj
 .debug_line    0x00003418      0xb33 cmake/stm32cubemx/CMakeFiles/STM32_Drivers.dir/__/__/Drivers/STM32L4xx_HAL_Driver/Src/stm32l4xx_hal_cortex.c.obj
 .debug_line    0x00003f4b      0x6aa CMakeFiles/cube_blinky_v2.dir/Core/Src/main.c.obj
 .debug_line    0x000045f5      0x641 CMakeFiles/cube_blinky_v2.dir/Core/Src/stm32l4xx_it.c.obj
 .debug_line    0x00004c36      0x592 CMakeFiles/cube_blinky_v2.dir/Core/Src/stm32l4xx_hal_msp.c.obj
 .debug_line    0x000051c8       0x7a CMakeFiles/cube_blinky_v2.dir/startup_stm32l476xx.s.obj
 .debug_line    0x00005242      0x628 CMakeFiles/cube_blinky_v2.dir/home/johed/Documents/GitHub/STM32_Projects/Blinky_v2/app/app.c.obj
 .debug_line    0x0000586a      0x11e /usr/lib/gcc/arm-none-eabi/13.2.1/../../../arm-none-eabi/lib/thumb/v7e-m+fp/hard/libg_nano.a(libc_a-init.o)
 .debug_line    0x00005988      0x1b6 /usr/lib/gcc/arm-none-eabi/13.2.1/../../../arm-none-eabi/lib/thumb/v7e-m+fp/hard/libg_nano.a(libc_a-memset.o)

.debug_str      0x00000000    0xdfcfd
 .debug_str     0x00000000    0xdfcfd cmake/stm32cubemx/CMakeFiles/STM32_Drivers.dir/__/__/Core/Src/system_stm32l4xx.c.obj
                              0xdde55 (size before relaxing)
 .debug_str     0x000dfcfd    0xde9fd cmake/stm32cubemx/CMakeFiles/STM32_Drivers.dir/__/__/Drivers/STM32L4xx_HAL_Driver/Src/stm32l4xx_hal.c.obj
 .debug_str     0x000dfcfd    0xde490 cmake/stm32cubemx/CMakeFiles/STM32_Drivers.dir/__/__/Drivers/STM32L4xx_HAL_Driver/Src/stm32l4xx_hal_rcc.c.obj
 .debug_str     0x000dfcfd    0xddfd5 cmake/stm32cubemx/CMakeFiles/STM32_Drivers.dir/__/__/Drivers/STM32L4xx_HAL_Driver/Src/stm32l4xx_hal_gpio.c.obj
 .debug_str     0x000dfcfd    0xde3b0 cmake/stm32cubemx/CMakeFiles/STM32_Drivers.dir/__/__/Drivers/STM32L4xx_HAL_Driver/Src/stm32l4xx_hal_pwr_ex.c.obj
 .debug_str     0x000dfcfd    0xde6c4 cmake/stm32cubemx/CMakeFiles/STM32_Drivers.dir/__/__/Drivers/STM32L4xx_HAL_Driver/Src/stm32l4xx_hal_cortex.c.obj
 .debug_str     0x000dfcfd    0xde109 CMakeFiles/cube_blinky_v2.dir/Core/Src/main.c.obj
 .debug_str     0x000dfcfd    0xddce4 CMakeFiles/cube_blinky_v2.dir/Core/Src/stm32l4xx_it.c.obj
 .debug_str     0x000dfcfd    0xddda0 CMakeFiles/cube_blinky_v2.dir/Core/Src/stm32l4xx_hal_msp.c.obj
 .debug_str     0x000dfcfd       0xd0 CMakeFiles/cube_blinky_v2.dir/startup_stm32l476xx.s.obj
 .debug_str     0x000dfcfd    0xddd8f CMakeFiles/cube_blinky_v2.dir/home/johed/Documents/GitHub/STM32_Projects/Blinky_v2/app/app.c.obj
 .debug_str     0x000dfcfd      0x1fa /usr/lib/gcc/arm-none-eabi/13.2.1/../../../arm-none-eabi/lib/thumb/v7e-m+fp/hard/libg_nano.a(libc_a-init.o)
 .debug_str     0x000dfcfd      0x1ad /usr/lib/gcc/arm-none-eabi/13.2.1/../../../arm-none-eabi/lib/thumb/v7e-m+fp/hard/libg_nano.a(libc_a-memset.o)

.debug_frame    0x00000000     0x1588
 .debug_frame   0x00000000       0x58 cmake/stm32cubemx/CMakeFiles/STM32_Drivers.dir/__/__/Core/Src/system_stm32l4xx.c.obj
 .debug_frame   0x00000058      0x498 cmake/stm32cubemx/CMakeFiles/STM32_Drivers.dir/__/__/Drivers/STM32L4xx_HAL_Driver/Src/stm32l4xx_hal.c.obj
 .debug_frame   0x000004f0      0x21c cmake/stm32cubemx/CMakeFiles/STM32_Drivers.dir/__/__/Drivers/STM32L4xx_HAL_Driver/Src/stm32l4xx_hal_rcc.c.obj
 .debug_frame   0x0000070c      0x14c cmake/stm32cubemx/CMakeFiles/STM32_Drivers.dir/__/__/Drivers/STM32L4xx_HAL_Driver/Src/stm32l4xx_hal_gpio.c.obj
 .debug_frame   0x00000858      0x584 cmake/stm32cubemx/CMakeFiles/STM32_Drivers.dir/__/__/Drivers/STM32L4xx_HAL_Driver/Src/stm32l4xx_hal_pwr_ex.c.obj
 .debug_frame   0x00000ddc      0x4e8 cmake/stm32cubemx/CMakeFiles/STM32_Drivers.dir/__/__/Drivers/STM32L4xx_HAL_Driver/Src/stm32l4xx_hal_cortex.c.obj
 .debug_frame   0x000012c4       0x90 CMakeFiles/cube_blinky_v2.dir/Core/Src/main.c.obj
 .debug_frame   0x00001354      0x104 CMakeFiles/cube_blinky_v2.dir/Core/Src/stm32l4xx_it.c.obj
 .debug_frame   0x00001458       0x38 CMakeFiles/cube_blinky_v2.dir/Core/Src/stm32l4xx_hal_msp.c.obj
 .debug_frame   0x00001490       0xa0 CMakeFiles/cube_blinky_v2.dir/home/johed/Documents/GitHub/STM32_Projects/Blinky_v2/app/app.c.obj
 .debug_frame   0x00001530       0x2c /usr/lib/gcc/arm-none-eabi/13.2.1/../../../arm-none-eabi/lib/thumb/v7e-m+fp/hard/libg_nano.a(libc_a-init.o)
 .debug_frame   0x0000155c       0x2c /usr/lib/gcc/arm-none-eabi/13.2.1/../../../arm-none-eabi/lib/thumb/v7e-m+fp/hard/libg_nano.a(libc_a-memset.o)

.debug_line_str
                0x00000000       0xb6
 .debug_line_str
                0x00000000       0xb6 CMakeFiles/cube_blinky_v2.dir/startup_stm32l476xx.s.obj

.debug_loclists
                0x00000000      0x227
 .debug_loclists
                0x00000000       0x65 /usr/lib/gcc/arm-none-eabi/13.2.1/../../../arm-none-eabi/lib/thumb/v7e-m+fp/hard/libg_nano.a(libc_a-init.o)
 .debug_loclists
                0x00000065      0x1c2 /usr/lib/gcc/arm-none-eabi/13.2.1/../../../arm-none-eabi/lib/thumb/v7e-m+fp/hard/libg_nano.a(libc_a-memset.o)
